---
source: parser/src/lib.rs
expression: res
---
Ok(
    (
        "",
        Clipping {
            book: Book {
                title: "Sapiens: A Brief History of Humankind",
                author: Some(
                    "Harari, Yuval Noah",
                ),
            },
            content: Bookmark(
                ClippingBookmark {
                    location: Location {
                        from: 3883,
                        to: None,
                        kind: Location,
                    },
                },
            ),
        },
    ),
)
